Γû▓ Next.js 16.1.6 (Turbopack)
- Environments: .env
- Experiments (use with caution):
  ┬╖ optimizePackageImports
  ┬╖ serverActions

  Creating an optimized production build ...
Γ£ô Compiled successfully in 9.5s
  Running TypeScript ...
  Collecting page data using 15 workers ...
  Generating static pages using 15 workers (0/46) ...
  Generating static pages using 15 workers (11/46) 
  Generating static pages using 15 workers (22/46) 
{
  severity_local: 'NOTICE',
  severity: 'NOTICE',
  code: '42701',
  message: 'column "book_name" of relation "subjects" already exists, skipping',
  file: 'tablecmds.c',
  line: '7471',
  routine: 'check_for_column_name_collision'
}
  Generating static pages using 15 workers (34/46) 
Γ£ô Generating static pages using 15 workers (46/46) in 5.6s
  Finalizing page optimization ...

Route (app)
Γöî ╞Æ /
Γö£ Γùï /_not-found
Γö£ ╞Æ /api/academy/chapter-pdf/[chapterId]
Γö£ ╞Æ /api/admin/create
Γö£ ╞Æ /api/admin/delete
Γö£ ╞Æ /api/admin/list
Γö£ ╞Æ /api/admin/reset-password
Γö£ ╞Æ /api/admin/set-password
Γö£ ╞Æ /api/attendance/class
Γö£ ╞Æ /api/attendance/overall
Γö£ ╞Æ /api/attendance/student
Γö£ ╞Æ /api/attendance/upload
Γö£ ╞Æ /api/auth/[...nextauth]
Γö£ ╞Æ /api/classes
Γö£ ╞Æ /api/scholarship/certificate
Γö£ ╞Æ /api/setup-db
Γö£ ╞Æ /api/upload-affidavit
Γö£ ╞Æ /api/view-doc
Γö£ Γùï /login
Γö£ Γùï /office/academy-management/attendance
Γö£ Γùï /office/academy-management/attendance/class/grid
Γö£ ╞Æ /office/academy-management/attendance/student/[studentId]
Γö£ ╞Æ /office/academy-management/classes
Γö£ ╞Æ /office/academy-management/classes/[className]/subjects
Γö£ ╞Æ /office/academy-management/classes/[className]/subjects/[subjectId]
Γö£ Γùï /office/academy-management/exams
Γö£ Γùï /office/academy-management/homework
Γö£ Γùï /office/academy-management/lesson-plan
Γö£ Γùï /office/academy-management/library
Γö£ Γùï /office/admin-management
Γö£ ╞Æ /office/admissions-progress
Γö£ ╞Æ /office/admissions/[id]
Γö£ ╞Æ /office/applications
Γö£ ╞Æ /office/dashboard
Γö£ ╞Æ /office/document-verification
Γö£ ╞Æ /office/entrance-tests
Γö£ ╞Æ /office/final-admissions
Γö£ ╞Æ /office/home-visits
Γö£ ╞Æ /office/inquiries
Γö£ ╞Æ /office/scholarship/award
Γö£ Γùï /office/scholarship/reports
Γö£ Γùï /office/scholarship/settings
Γö£ Γùï /office/scholarship/students
Γö£ ╞Æ /office/scholarship/students/[id]
Γö£ ╞Æ /office/school-management/classes
Γö£ ╞Æ /office/school-management/classes/[className]
Γö£ Γùï /office/school-management/notices
Γö£ Γùï /office/school-management/principal
Γö£ ╞Æ /office/school-management/teachers
Γö£ Γùï /office/timetable
Γö£ ╞Æ /student/admission
Γö£ ╞Æ /student/dashboard
Γö£ ╞Æ /student/document-verification
Γö£ ╞Æ /student/entrance-test
Γö£ ╞Æ /student/final-admission
Γö£ ╞Æ /student/home-visit
Γö£ ╞Æ /student/homework
Γö£ ╞Æ /student/scholarship
Γöö ╞Æ /teacher/dashboard


╞Æ Proxy (Middleware)

Γùï  (Static)   prerendered as static content
╞Æ  (Dynamic)  server-rendered on demand

